Laura/avocado_sales_2015.csv
,Date,AveragePrice,Total Volume,4046,4225,4770,Total Bags,Small Bags,Large Bags,XLarge Bags,type,year,region
12092,1/4/2015,1.6,1012.61,23.59,772.85,0.0,216.17,210.0,6.17,0.0,organic,2015,Grand Rapids
12093,1/11/2015,1.87,761.86,29.06,539.72,0.0,193.08,190.0,3.08,0.0,organic,2015,Grand Rapids
12094,1/18/2015,1.88,706.15,20.71,488.77,0.0,196.67,196.67,0.0,0.0,organic,2015,Grand Rapids
12095,1/25/2015,2.01,711.52,59.16,572.36,0.0,80.0,80.0,0.0,0.0,organic,2015,Grand Rapids
12096,2/1/2015,1.98,769.05,52.14,620.24,0.0,96.67,96.67,0.0,0.0,organic,2015,Grand Rapids
12097,2/8/2015,1.79,1083.77,84.83,402.27,0.0,596.67,596.67,0.0,0.0,organic,2015,Grand Rapids
12098,2/15/2015,1.88,787.72,17.75,566.64,0.0,203.33,203.33,0.0,0.0,organic,2015,Grand Rapids
12099,2/22/2015,1.89,950.14,46.37,643.77,0.0,260.0,260.0,0.0,0.0,organic,2015,Grand Rapids
12100,3/1/2015,1.84,849.44,32.69,506.75,0.0,310.0,310.0,0.0,0.0,organic,2015,Grand Rapids
12101,3/8/2015,1.78,1175.95,69.48,493.14,0.0,613.33,613.33,0.0,0.0,organic,2015,Grand Rapids
12102,3/15/2015,1.87,1329.82,94.18,813.47,0.0,422.17,385.77,36.4,0.0,organic,2015,Grand Rapids
12103,3/22/2015,2.01,683.76,20.54,659.89,0.0,3.33,3.33,0.0,0.0,organic,2015,Grand Rapids
12104,3/29/2015,1.87,1005.21,46.7,631.84,0.0,326.67,326.67,0.0,0.0,organic,2015,Grand Rapids
12105,4/5/2015,1.83,934.95,11.05,617.23,0.0,306.67,306.67,0.0,0.0,organic,2015,Grand Rapids
12106,4/12/2015,1.86,823.5,0.0,606.83,0.0,216.67,216.67,0.0,0.0,organic,2015,Grand Rapids
12107,4/19/2015,1.59,1377.1,0.0,963.77,0.0,413.33,413.33,0.0,0.0,organic,2015,Grand Rapids
12108,4/26/2015,1.79,1369.82,2.81,1040.34,0.0,326.67,326.67,0.0,0.0,organic,2015,Grand Rapids
12109,5/3/2015,1.61,1377.24,7.07,1053.5,0.0,316.67,316.67,0.0,0.0,organic,2015,Grand Rapids
12110,5/10/2015,1.22,4550.92,36.97,1045.22,0.0,3468.73,346.49,3122.24,0.0,organic,2015,Grand Rapids
12111,5/17/2015,1.85,1338.84,0.0,969.48,0.0,369.36,356.67,12.69,0.0,organic,2015,Grand Rapids
12112,5/24/2015,1.83,1417.63,10.03,983.02,0.0,424.58,418.21,6.37,0.0,organic,2015,Grand Rapids
12113,5/31/2015,1.85,1082.52,22.99,722.86,0.0,336.67,336.67,0.0,0.0,organic,2015,Grand Rapids
12114,6/7/2015,1.7,1083.03,37.44,518.39,0.0,527.2,460.0,67.2,0.0,organic,2015,Grand Rapids
12115,6/14/2015,1.8,1571.89,7.2,1128.02,0.0,436.67,436.67,0.0,0.0,organic,2015,Grand Rapids
12116,6/21/2015,1.93,1235.29,47.51,954.58,0.0,233.2,230.0,3.2,0.0,organic,2015,Grand Rapids
12117,6/28/2015,1.92,1206.53,63.3,873.23,0.0,270.0,270.0,0.0,0.0,organic,2015,Grand Rapids
12118,7/5/2015,1.84,1296.65,7.18,923.24,0.0,366.23,356.66,9.57,0.0,organic,2015,Grand Rapids
12119,7/12/2015,1.86,1328.38,5.73,999.76,0.0,322.89,313.34,9.55,0.0,organic,2015,Grand Rapids
12120,7/19/2015,1.9,1028.63,7.14,885.31,0.0,136.18,126.66,9.52,0.0,organic,2015,Grand Rapids
12121,7/26/2015,1.86,1070.6,9.96,793.97,0.0,266.67,266.67,0.0,0.0,organic,2015,Grand Rapids
12122,8/2/2015,1.63,2807.04,14.18,2366.56,0.0,426.3,420.0,6.3,0.0,organic,2015,Grand Rapids
12123,8/9/2015,1.76,2882.04,1224.64,1107.4,0.0,550.0,550.0,0.0,0.0,organic,2015,Grand Rapids
12124,8/16/2015,1.64,2787.28,1152.32,1438.29,0.0,196.67,196.67,0.0,0.0,organic,2015,Grand Rapids
12125,8/23/2015,1.49,4417.82,2674.37,1500.12,0.0,243.33,243.33,0.0,0.0,organic,2015,Grand Rapids
12126,8/30/2015,1.68,2584.14,1246.63,1015.26,0.0,322.25,306.67,15.58,0.0,organic,2015,Grand Rapids
12127,9/6/2015,1.68,2320.11,1050.73,866.05,0.0,403.33,403.33,0.0,0.0,organic,2015,Grand Rapids
12128,9/13/2015,1.68,1932.15,906.33,762.49,0.0,263.33,263.33,0.0,0.0,organic,2015,Grand Rapids
12129,9/20/2015,1.69,1837.03,787.73,762.63,0.0,286.67,286.67,0.0,0.0,organic,2015,Grand Rapids
12130,9/27/2015,1.68,2137.67,849.13,835.21,0.0,453.33,453.33,0.0,0.0,organic,2015,Grand Rapids
12131,10/4/2015,1.69,1708.12,613.05,695.07,0.0,400.0,400.0,0.0,0.0,organic,2015,Grand Rapids
12132,10/11/2015,1.74,1653.86,517.94,835.92,0.0,300.0,300.0,0.0,0.0,organic,2015,Grand Rapids
12133,10/18/2015,1.61,2146.0,1156.71,650.48,0.0,338.81,283.33,55.48,0.0,organic,2015,Grand Rapids
12134,10/25/2015,1.57,1980.42,946.43,692.85,0.0,341.14,193.33,147.81,0.0,organic,2015,Grand Rapids
12135,11/1/2015,1.6,1640.89,984.57,506.83,0.0,149.49,103.33,46.16,0.0,organic,2015,Grand Rapids
12136,11/8/2015,1.64,1629.69,981.27,485.09,0.0,163.33,163.33,0.0,0.0,organic,2015,Grand Rapids
12137,11/15/2015,1.65,1663.16,958.54,531.29,0.0,173.33,173.33,0.0,0.0,organic,2015,Grand Rapids
12138,11/22/2015,1.66,1602.88,870.86,595.85,0.0,136.17,130.0,6.17,0.0,organic,2015,Grand Rapids
12139,11/29/2015,1.66,1497.39,808.92,568.47,0.0,120.0,120.0,0.0,0.0,organic,2015,Grand Rapids
12140,12/6/2015,1.64,1643.19,944.24,492.28,0.0,206.67,206.67,0.0,0.0,organic,2015,Grand Rapids
12141,12/13/2015,1.55,2093.11,1024.98,891.47,0.0,176.66,176.66,0.0,0.0,organic,2015,Grand Rapids
12142,12/20/2015,1.66,1991.44,1015.15,816.29,0.0,160.0,160.0,0.0,0.0,organic,2015,Grand Rapids
12143,12/27/2015,1.67,2010.73,822.95,941.11,0.0,246.67,246.67,0.0,0.0,organic,2015,Grand Rapids
13662,1/4/2015,1.48,1395.75,12.41,824.64,0.0,558.7,478.15,80.55,0.0,organic,2015,Louisville
13663,1/11/2015,1.79,1435.48,0.0,1219.02,0.0,216.46,173.93,42.53,0.0,organic,2015,Louisville
13664,1/18/2015,1.79,1106.86,5.19,676.38,0.0,425.29,420.0,5.29,0.0,organic,2015,Louisville
13665,1/25/2015,1.68,1201.46,3.57,740.48,0.0,457.41,216.67,240.74,0.0,organic,2015,Louisville
13666,2/1/2015,1.55,1336.46,0.0,772.41,0.0,564.05,303.33,260.72,0.0,organic,2015,Louisville
13667,2/8/2015,1.61,1438.14,13.52,823.66,0.0,600.96,393.33,207.63,0.0,organic,2015,Louisville
13668,2/15/2015,1.75,1201.07,12.71,745.28,0.0,443.08,326.67,116.41,0.0,organic,2015,Louisville
13669,2/22/2015,1.67,1347.62,14.29,658.47,0.0,674.86,443.33,231.53,0.0,organic,2015,Louisville
13670,3/1/2015,1.65,1510.75,0.0,1077.97,0.0,432.78,213.33,219.45,0.0,organic,2015,Louisville
13671,3/8/2015,1.72,1541.79,2.38,912.87,0.0,626.54,532.64,93.9,0.0,organic,2015,Louisville
13672,3/15/2015,1.65,1664.74,8.34,731.35,0.0,925.05,796.67,128.38,0.0,organic,2015,Louisville
13673,3/22/2015,1.76,1030.98,10.75,746.35,0.0,273.88,113.33,160.55,0.0,organic,2015,Louisville
13674,3/29/2015,1.63,1219.02,0.0,685.41,0.0,533.61,279.31,254.3,0.0,organic,2015,Louisville
13675,4/5/2015,1.59,1517.39,4.82,896.16,0.0,616.41,330.0,286.41,0.0,organic,2015,Louisville
13676,4/12/2015,1.42,1294.45,8.84,799.87,0.0,485.74,263.35,222.39,0.0,organic,2015,Louisville
13677,4/19/2015,1.37,1687.21,0.0,914.76,0.0,772.45,246.67,525.78,0.0,organic,2015,Louisville
13678,4/26/2015,1.67,1764.81,1.22,1045.34,0.0,718.25,373.33,344.92,0.0,organic,2015,Louisville
13679,5/3/2015,1.38,2038.99,1.22,829.5,0.0,1208.27,463.33,744.94,0.0,organic,2015,Louisville
13680,5/10/2015,1.04,3355.53,12.58,1328.8,0.0,2014.15,390.0,1624.15,0.0,organic,2015,Louisville
13681,5/17/2015,1.44,2132.11,2.46,1335.83,0.0,793.82,458.25,335.57,0.0,organic,2015,Louisville
13682,5/24/2015,1.51,2285.46,3.69,1340.14,0.0,941.63,438.45,503.18,0.0,organic,2015,Louisville
13683,5/31/2015,1.34,2103.36,8.65,1031.77,0.0,1062.94,370.98,691.96,0.0,organic,2015,Louisville
13684,6/7/2015,1.24,2299.74,14.16,972.02,0.0,1313.56,437.41,876.15,0.0,organic,2015,Louisville
13685,6/14/2015,1.58,2093.17,17.42,1174.85,0.0,900.9,415.53,485.37,0.0,organic,2015,Louisville
13686,6/21/2015,1.46,2344.24,18.73,1652.88,0.0,672.63,224.99,447.64,0.0,organic,2015,Louisville
13687,6/28/2015,1.49,1744.67,8.76,1260.31,0.0,475.6,233.33,242.27,0.0,organic,2015,Louisville
13688,7/5/2015,1.49,2117.32,0.0,1260.34,0.0,856.98,246.67,610.31,0.0,organic,2015,Louisville
13689,7/12/2015,1.48,2290.3,7.54,1486.26,0.0,796.5,70.0,726.5,0.0,organic,2015,Louisville
13690,7/19/2015,1.18,2680.01,0.0,1436.55,0.0,1243.46,53.33,1190.13,0.0,organic,2015,Louisville
13691,7/26/2015,1.03,2995.57,0.0,1295.04,0.0,1700.53,40.0,1660.53,0.0,organic,2015,Louisville
13692,8/2/2015,1.37,2477.04,4.0,1786.74,0.0,686.3,36.67,649.63,0.0,organic,2015,Louisville
13693,8/9/2015,1.37,3003.82,2.54,2116.56,0.0,884.72,400.0,484.72,0.0,organic,2015,Louisville
13694,8/16/2015,1.52,2495.29,3.82,1866.45,0.0,625.02,243.33,381.69,0.0,organic,2015,Louisville
13695,8/23/2015,1.49,2726.65,42.08,1625.92,0.0,1058.65,256.67,801.98,0.0,organic,2015,Louisville
13696,8/30/2015,1.44,2648.03,58.75,1634.78,0.0,954.5,273.34,681.16,0.0,organic,2015,Louisville
13697,9/6/2015,1.38,2450.75,52.43,1262.12,0.0,1136.2,440.0,696.2,0.0,organic,2015,Louisville
13698,9/13/2015,1.69,1858.03,44.79,1311.84,0.0,501.4,286.67,214.73,0.0,organic,2015,Louisville
13699,9/20/2015,1.65,1974.52,40.99,1268.23,0.0,665.3,423.33,241.97,0.0,organic,2015,Louisville
13700,9/27/2015,1.79,1602.79,24.36,1309.08,0.0,269.35,206.67,62.68,0.0,organic,2015,Louisville
13701,10/4/2015,1.87,1155.28,23.52,1114.66,0.0,17.1,0.0,17.1,0.0,organic,2015,Louisville
13702,10/11/2015,1.65,1243.4,11.54,988.31,0.0,243.55,0.0,243.55,0.0,organic,2015,Louisville
13703,10/18/2015,1.52,1696.6,20.5,1442.52,0.0,233.58,0.0,233.58,0.0,organic,2015,Louisville
13704,10/25/2015,1.64,1779.45,69.06,1631.97,0.0,78.42,0.0,78.42,0.0,organic,2015,Louisville
13705,11/1/2015,1.65,1156.12,48.5,835.97,0.0,271.65,43.33,228.32,0.0,organic,2015,Louisville
13706,11/8/2015,1.68,1272.64,43.28,894.97,0.0,334.39,153.33,181.06,0.0,organic,2015,Louisville
13707,11/15/2015,1.83,1155.99,2.54,1014.34,0.0,139.11,106.67,32.44,0.0,organic,2015,Louisville
13708,11/22/2015,1.87,1202.46,7.6,1107.08,0.0,87.78,3.33,84.45,0.0,organic,2015,Louisville
13709,11/29/2015,1.19,1491.28,34.6,805.09,0.0,651.59,0.0,651.59,0.0,organic,2015,Louisville
13710,12/6/2015,1.19,1391.25,15.13,868.57,0.0,507.55,0.0,507.55,0.0,organic,2015,Louisville
13711,12/13/2015,1.52,1111.9,28.91,798.1,0.0,284.89,0.0,284.89,0.0,organic,2015,Louisville
13712,12/20/2015,1.8,924.46,33.57,833.02,0.0,57.87,13.33,44.54,0.0,organic,2015,Louisville
13713,12/27/2015,1.82,862.59,9.98,690.02,0.0,162.59,60.0,102.59,0.0,organic,2015,Louisville
14927,1/4/2015,1.8,2057.29,1200.41,53.55,0.0,803.33,803.33,0.0,0.0,organic,2015,Orlando
14928,1/11/2015,1.92,1610.6,1290.27,53.66,0.0,266.67,266.67,0.0,0.0,organic,2015,Orlando
14929,1/18/2015,1.79,2151.76,1237.16,31.27,0.0,883.33,883.33,0.0,0.0,organic,2015,Orlando
14930,1/25/2015,1.82,1925.46,1174.98,53.81,0.0,696.67,696.67,0.0,0.0,organic,2015,Orlando
14931,2/1/2015,1.76,2499.88,1262.74,53.81,0.0,1183.33,1183.33,0.0,0.0,organic,2015,Orlando
14932,2/8/2015,1.75,3229.47,1576.49,36.31,0.0,1616.67,1616.67,0.0,0.0,organic,2015,Orlando
14933,2/15/2015,1.85,2038.24,1386.9,41.34,0.0,610.0,610.0,0.0,0.0,organic,2015,Orlando
14934,2/22/2015,1.76,2584.79,1346.61,31.51,0.0,1206.67,1206.67,0.0,0.0,organic,2015,Orlando
14935,3/1/2015,1.7,3031.46,1222.61,28.85,0.0,1780.0,1780.0,0.0,0.0,organic,2015,Orlando
14936,3/8/2015,1.75,2782.53,1382.97,52.89,0.0,1346.67,1346.67,0.0,0.0,organic,2015,Orlando
14937,3/15/2015,1.82,2478.71,1548.1,33.94,0.0,896.67,896.67,0.0,0.0,organic,2015,Orlando
14938,3/22/2015,1.77,3577.55,1876.49,81.06,0.0,1620.0,1620.0,0.0,0.0,organic,2015,Orlando
14939,3/29/2015,1.89,2718.72,2081.41,47.36,0.0,589.95,589.95,0.0,0.0,organic,2015,Orlando
14940,4/5/2015,1.82,2405.02,1494.07,62.1,0.0,848.85,848.85,0.0,0.0,organic,2015,Orlando
14941,4/12/2015,1.89,2310.76,1774.59,84.17,0.0,452.0,452.0,0.0,0.0,organic,2015,Orlando
14942,4/19/2015,1.76,2745.8,1577.58,103.61,0.0,1064.61,1064.61,0.0,0.0,organic,2015,Orlando
14943,4/26/2015,1.88,2490.11,1845.77,57.67,0.0,586.67,586.67,0.0,0.0,organic,2015,Orlando
14944,5/3/2015,1.82,2498.36,1559.49,48.87,0.0,890.0,890.0,0.0,0.0,organic,2015,Orlando
14945,5/10/2015,1.78,2982.83,1658.0,61.14,0.0,1263.69,1263.69,0.0,0.0,organic,2015,Orlando
14946,5/17/2015,1.88,2730.74,2073.98,46.0,0.0,610.76,610.76,0.0,0.0,organic,2015,Orlando
14947,5/24/2015,1.81,2640.04,1582.32,41.05,0.0,1016.67,1016.67,0.0,0.0,organic,2015,Orlando
14948,5/31/2015,1.84,3350.22,2221.2,89.02,0.0,1040.0,1040.0,0.0,0.0,organic,2015,Orlando
14949,6/7/2015,1.81,2834.45,1715.44,45.68,0.0,1073.33,1073.33,0.0,0.0,organic,2015,Orlando
14950,6/14/2015,1.86,3012.55,2115.25,67.3,0.0,830.0,830.0,0.0,0.0,organic,2015,Orlando
14951,6/21/2015,1.89,2442.88,1841.47,79.35,0.0,522.06,490.0,32.06,0.0,organic,2015,Orlando
14952,6/28/2015,1.87,2804.46,2068.27,79.52,0.0,656.67,656.67,0.0,0.0,organic,2015,Orlando
14953,7/5/2015,1.82,2529.35,1659.51,16.91,0.0,852.93,810.0,42.93,0.0,organic,2015,Orlando
14954,7/12/2015,1.89,5281.36,1639.19,49.62,0.0,3592.55,3592.55,0.0,0.0,organic,2015,Orlando
14955,7/19/2015,1.72,5031.11,2002.52,61.91,0.0,2966.68,2966.68,0.0,0.0,organic,2015,Orlando
14956,7/26/2015,1.74,6023.21,2483.01,56.16,0.0,3484.04,3484.04,0.0,0.0,organic,2015,Orlando
14957,8/2/2015,2.0,4054.1,2241.33,46.64,0.0,1766.13,1766.13,0.0,0.0,organic,2015,Orlando
14958,8/9/2015,1.77,4599.05,2327.49,56.78,0.0,2214.78,2214.78,0.0,0.0,organic,2015,Orlando
14959,8/16/2015,1.72,5843.23,2166.3,56.94,0.0,3619.99,3619.99,0.0,0.0,organic,2015,Orlando
14960,8/23/2015,1.96,3760.73,2043.73,63.54,0.0,1653.46,1653.46,0.0,0.0,organic,2015,Orlando
14961,8/30/2015,2.11,3081.43,1875.63,56.3,0.0,1149.5,1149.5,0.0,0.0,organic,2015,Orlando
14962,9/6/2015,1.95,3337.29,1471.26,66.51,0.0,1799.52,1799.52,0.0,0.0,organic,2015,Orlando
14963,9/13/2015,2.11,2895.23,1770.69,41.52,0.0,1083.02,1083.02,0.0,0.0,organic,2015,Orlando
14964,9/20/2015,2.08,3252.5,1870.05,47.91,0.0,1334.54,1334.54,0.0,0.0,organic,2015,Orlando
14965,9/27/2015,2.24,2490.3,1825.3,22.72,0.0,642.28,642.28,0.0,0.0,organic,2015,Orlando
14966,10/4/2015,2.11,2990.97,1810.36,27.8,0.0,1152.81,1152.81,0.0,0.0,organic,2015,Orlando
14967,10/11/2015,2.05,3285.94,1759.75,50.57,0.0,1475.62,1475.62,0.0,0.0,organic,2015,Orlando
14968,10/18/2015,2.18,2804.82,1876.78,48.04,0.0,880.0,880.0,0.0,0.0,organic,2015,Orlando
14969,10/25/2015,1.85,2905.07,2019.57,8.83,0.0,876.67,876.67,0.0,0.0,organic,2015,Orlando
14970,11/1/2015,1.8,3127.26,1849.9,18.78,0.0,1258.58,1258.58,0.0,0.0,organic,2015,Orlando
14971,11/8/2015,1.83,3067.94,1987.03,27.58,0.0,1053.33,1053.33,0.0,0.0,organic,2015,Orlando
14972,11/15/2015,1.83,2903.44,1908.51,44.94,0.0,949.99,946.66,3.33,0.0,organic,2015,Orlando
14973,11/22/2015,1.84,2375.83,1572.06,43.77,0.0,760.0,726.67,33.33,0.0,organic,2015,Orlando
14974,11/29/2015,1.87,2082.98,1491.38,41.6,0.0,550.0,546.67,3.33,0.0,organic,2015,Orlando
14975,12/6/2015,1.85,2811.06,1961.6,52.79,0.0,796.67,796.67,0.0,0.0,organic,2015,Orlando
14976,12/13/2015,1.87,2437.13,1757.87,80.84,0.0,598.42,598.42,0.0,0.0,organic,2015,Orlando
14977,12/20/2015,1.89,2850.72,2169.48,70.88,0.0,610.36,610.36,0.0,0.0,organic,2015,Orlando
14978,12/27/2015,1.67,3110.45,1617.61,49.42,0.0,1443.42,1119.57,323.85,0.0,organic,2015,Orlando
18216,1/4/2015,1.72,593.39,0.0,102.71,0.0,490.68,490.68,0.0,0.0,organic,2015,Syracuse
18217,1/11/2015,1.66,762.15,1.24,195.51,0.0,565.4,565.4,0.0,0.0,organic,2015,Syracuse
18218,1/18/2015,1.84,627.8,0.0,151.46,0.0,476.34,476.34,0.0,0.0,organic,2015,Syracuse
18219,1/25/2015,1.77,845.05,1.24,130.95,0.0,712.86,712.86,0.0,0.0,organic,2015,Syracuse
18220,2/1/2015,1.65,1285.09,3.72,111.53,0.0,1169.84,1169.84,0.0,0.0,organic,2015,Syracuse
18221,2/8/2015,1.65,1283.8,0.0,114.59,0.0,1169.21,1169.21,0.0,0.0,organic,2015,Syracuse
18222,2/15/2015,1.72,561.1,0.0,47.64,0.0,513.46,513.46,0.0,0.0,organic,2015,Syracuse
18223,2/22/2015,1.57,1926.71,3.71,50.55,0.0,1872.45,1872.45,0.0,0.0,organic,2015,Syracuse
18224,3/1/2015,1.59,2108.82,0.0,98.86,0.0,2009.96,2009.96,0.0,0.0,organic,2015,Syracuse
18225,3/8/2015,1.6,1884.54,2.47,162.95,0.0,1719.12,1719.12,0.0,0.0,organic,2015,Syracuse
18226,3/15/2015,1.67,846.47,0.0,134.36,0.0,712.11,712.11,0.0,0.0,organic,2015,Syracuse
18227,3/22/2015,1.76,810.61,0.0,193.32,0.0,617.29,617.29,0.0,0.0,organic,2015,Syracuse
18228,3/29/2015,1.82,753.78,0.0,126.65,0.0,627.13,627.13,0.0,0.0,organic,2015,Syracuse
18229,4/5/2015,1.76,1690.53,2.46,104.5,0.0,1583.57,1583.57,0.0,0.0,organic,2015,Syracuse
18230,4/12/2015,1.71,1742.87,0.0,47.91,0.0,1694.96,1694.96,0.0,0.0,organic,2015,Syracuse
18231,4/19/2015,1.83,1062.54,3.46,57.81,0.0,1001.27,1001.27,0.0,0.0,organic,2015,Syracuse
18232,4/26/2015,1.77,2102.93,2.46,45.56,0.0,2054.91,2054.91,0.0,0.0,organic,2015,Syracuse
18233,5/3/2015,1.84,2721.25,6.17,101.63,0.0,2613.45,2613.45,0.0,0.0,organic,2015,Syracuse
18234,5/10/2015,1.85,2269.27,1.24,229.94,0.0,2038.09,2038.09,0.0,0.0,organic,2015,Syracuse
18235,5/17/2015,1.74,2080.23,11.14,90.36,0.0,1978.73,1978.73,0.0,0.0,organic,2015,Syracuse
18236,5/24/2015,1.8,2279.15,7.44,103.94,0.0,2167.77,2167.77,0.0,0.0,organic,2015,Syracuse
18237,5/31/2015,1.81,2520.87,0.0,122.82,0.0,2398.05,2398.05,0.0,0.0,organic,2015,Syracuse
18238,6/7/2015,1.77,2145.03,0.0,49.66,0.0,2095.37,2095.37,0.0,0.0,organic,2015,Syracuse
